$ dx --dex --output build/source.dex source/build/libs/source.jar

$ dx --dex --output build/patch.dex patch/build/libs/patch.jar

$ dexpatcher --help
DexPatcher Version 1.0.0 by Lanchon
usage: dexpatcher [<option> ...] [--output <patched-dex>]
                  <source-dex-or-apk> [<patch-dex-or-apk> ...]
 -?,--help                    print this help message and exit
 -a,--api-level <n>           api level of dex files (default: 14)
    --annotations <package>   package name of DexPatcher annotations
                              (default: 'lanchon.dexpatcher.annotation')
    --debug                   output debugging information
 -o,--output <patched-dex>    name of patched dex file to write
 -q,--quiet                   do not output warnings
    --stats                   output timing statistics
 -v,--verbose                 output extra information
    --version                 print version information and exit
 -X,--experimental            enable support for experimental opcodes

$ dexpatcher build/source.dex build/patch.dex --output build/patched.dex --debug
info: read 'build/source.dex'
info: read 'build/patch.dex'
debug: type 'lanchon.dexpatcher.annotation.DexAction': (DexAction.java:0): ignore
debug: type 'lanchon.dexpatcher.annotation.DexAdd': (DexAdd.java:0): ignore
debug: type 'lanchon.dexpatcher.annotation.DexEdit': (DexEdit.java:0): ignore
debug: type 'lanchon.dexpatcher.annotation.DexIgnore': (DexIgnore.java:0): ignore
debug: type 'lanchon.dexpatcher.annotation.DexRemove': (DexRemove.java:0): ignore
debug: type 'lanchon.dexpatcher.annotation.DexReplace': (DexReplace.java:0): ignore
debug: type 'lanchon.dexpatcher.annotation.DexTag': (DexTag.java:0): add
debug: type 'lanchon.dexpatcher.annotation.DexTarget': (DexTarget.java:0): ignore
debug: type 'test.Main$A': (Main.java:0): replace
debug: type 'test.Main$Abstract': (Main.java:0): ignore
debug: type 'test.Main$B': (Main.java:0): edit
debug: type 'test.Main$B': static field 'staticField:I': (Main.java:0): add
debug: type 'test.Main$B': instance field 'instanceField:I': (Main.java:0): add
debug: type 'test.Main$B': instance field 'privateKey:Ljava/lang/String;': (Main.java:0): edit
info: type 'test.Main$B': instance field 'privateKey:Ljava/lang/String;': (Main.java:0): 'public' modifier mismatch in original and edited versions
info: type 'test.Main$B': instance field 'privateKey:Ljava/lang/String;': (Main.java:0): 'private' modifier mismatch in original and edited versions
debug: type 'test.Main$B': direct method '<clinit>()V': (Main.java:69): add
debug: type 'test.Main$B': direct method '<init>()V': (Main.java:90): ignore
debug: type 'test.Main$B': direct method 'directMethod()V': (Main.java:110): replace
debug: type 'test.Main$B': direct method 'privateStaticMethod(I)V': (Main.java:105): edit
info: type 'test.Main$B': direct method 'privateStaticMethod(I)V': (Main.java:105): 'public' modifier mismatch in original and edited versions
info: type 'test.Main$B': direct method 'privateStaticMethod(I)V': (Main.java:105): 'private' modifier mismatch in original and edited versions
debug: type 'test.Main$B': virtual method 'addedMethod()V': (Main.java:94): add
debug: type 'test.Main$B': virtual method 'source_virtualMethod(Ljava/lang/String;)V': (Main.java:120): edit
debug: type 'test.Main$B': virtual method 'source_virtualMethod(Ljava/lang/String;)V': target 'virtualMethod': (Main.java:120): 'public' modifier mismatch in targeted and edited members
debug: type 'test.Main$B': virtual method 'source_virtualMethod(Ljava/lang/String;)V': target 'virtualMethod': (Main.java:120): 'protected' modifier mismatch in targeted and edited members
debug: type 'test.Main$B': virtual method 'virtualMethod(Ljava/lang/String;)V': (Main.java:125): add
debug: type 'test.Main$Base': (Main.java:0): ignore
debug: type 'test.Main$C': (Main.java:0): edit
debug: type 'test.Main$C': static field 'patchStaticField:I': (Main.java:0): add
warning: type 'test.Main$C': static field 'patchStaticField:I': (Main.java:0): static field will not be initialized as specified in patch because the static constructor code in patch is being ignored
debug: type 'test.Main$C': static field 'redefinedSourceStaticField:I': (Main.java:0): edit
warning: type 'test.Main$C': static field 'redefinedSourceStaticField:I': (Main.java:0): static field will not be initialized as specified in patch because the static constructor code in patch is being ignored
debug: type 'test.Main$C': instance field 'patchField:I': (Main.java:0): add
debug: type 'test.Main$C': instance field 'redefinedSourceField:I': (Main.java:0): edit
debug: type 'test.Main$C': direct method '<clinit>()V': (Main.java:162): ignore
debug: type 'test.Main$C': direct method '<init>()V': (Main.java:184): ignore
debug: type 'test.Main$C': virtual method 'print()V': (Main.java:194): add
debug: type 'test.Main$C': virtual method 'source_print()V': (Main.java:191): edit
debug: type 'test.Main$C': virtual method 'source_print()V': target 'print': (Main.java:191): 'public' modifier mismatch in targeted and edited members
debug: type 'test.Main$C': virtual method 'source_print()V': target 'print': (Main.java:191): 'protected' modifier mismatch in targeted and edited members
debug: type 'test.Main$Interface': (Main.java:0): ignore
debug: type 'test.Main$Concrete1': (Main.java:0): edit
debug: type 'test.Main$Concrete1': direct method '<init>()V': (Main.java:345): ignore
debug: type 'test.Main$Concrete1': virtual method 'abstractMethod()V': (Main.java:0): ignore
debug: type 'test.Main$Concrete1': virtual method 'interfaceMethod()V': (Main.java:354): ignore
debug: type 'test.Main$Concrete1': virtual method 'method()V': (Main.java:348): replace
debug: type 'test.Main$Concrete2': (Main.java:0): edit
debug: type 'test.Main$Concrete2': direct method '<init>()V': (Main.java:377): ignore
debug: type 'test.Main$Concrete2': virtual method 'method()V': (Main.java:380): replace
debug: type 'test.Main$Concrete3': (Main.java:0): edit
debug: type 'test.Main$Concrete3': direct method '<init>()V': (Main.java:393): ignore
debug: type 'test.Main$Concrete3': virtual method 'method()V': (Main.java:396): replace
debug: type 'test.Main$D': (Main.java:0): edit
debug: type 'test.Main$D': static field 'patchStaticField:I': (Main.java:0): add
debug: type 'test.Main$D': static field 'redefinedSourceStaticField:I': (Main.java:0): edit
debug: type 'test.Main$D': instance field 'patchField:I': (Main.java:0): add
debug: type 'test.Main$D': instance field 'redefinedSourceField:I': (Main.java:0): edit
debug: type 'test.Main$D': direct method '<clinit>()V': (Main.java:209): replace
debug: type 'test.Main$D': direct method '<init>()V': (Main.java:235): replace
debug: type 'test.Main$D': virtual method 'print()V': (Main.java:246): add
debug: type 'test.Main$D': virtual method 'source_print()V': (Main.java:243): edit
debug: type 'test.Main$D': virtual method 'source_print()V': target 'print': (Main.java:243): 'public' modifier mismatch in targeted and edited members
debug: type 'test.Main$D': virtual method 'source_print()V': target 'print': (Main.java:243): 'protected' modifier mismatch in targeted and edited members
debug: type 'test.Main$Derived': (Main.java:0): edit
info: type 'test.Main$Derived': direct method '<init>()V': (Main.java:141): default ignore
debug: type 'test.Main$Derived': direct method '<init>()V': (Main.java:141): ignore
debug: type 'test.Main$Derived': virtual method 'method()V': (Main.java:150): add
debug: type 'test.Main$Derived': virtual method 'source_method()V': (Main.java:147): edit
debug: type 'test.Main$Derived': virtual method 'source_method()V': target 'method': (Main.java:147): 'public' modifier mismatch in targeted and edited members
debug: type 'test.Main$Derived': virtual method 'source_method()V': target 'method': (Main.java:147): 'protected' modifier mismatch in targeted and edited members
debug: type 'test.Main$E': (Main.java:0): edit
debug: type 'test.Main$E': static field 'patchStaticField:I': (Main.java:0): add
debug: type 'test.Main$E': static field 'redefinedSourceStaticField:I': (Main.java:0): edit
debug: type 'test.Main$E': instance field 'patchField:I': (Main.java:0): add
debug: type 'test.Main$E': instance field 'redefinedSourceField:I': (Main.java:0): edit
info: type 'test.Main$E': direct method '<clinit>()V': (Main.java:260): default add
debug: type 'test.Main$E': direct method '<clinit>()V': (Main.java:260): add
debug: type 'test.Main$E': direct method '<init>(Ljava/lang/String;)V': (Main.java:307): add
debug: type 'test.Main$E': direct method '<init>(Ljava/lang/String;Llanchon/dexpatcher/annotation/DexTag;)V': (Main.java:294): edit
debug: type 'test.Main$E': direct method '<init>(Ljava/lang/String;Llanchon/dexpatcher/annotation/DexTag;)V': target '<init>(Ljava/lang/String;)V': (Main.java:294): 'public' modifier mismatch in targeted and edited members
debug: type 'test.Main$E': direct method '<init>(Ljava/lang/String;Llanchon/dexpatcher/annotation/DexTag;)V': target '<init>(Ljava/lang/String;)V': (Main.java:294): 'private' modifier mismatch in targeted and edited members
debug: type 'test.Main$E': direct method 'source_static()V': (Main.java:271): edit
debug: type 'test.Main$E': direct method 'source_static()V': target '<clinit>': (Main.java:271): 'private' modifier mismatch in targeted and edited members
debug: type 'test.Main$E': direct method 'source_static()V': target '<clinit>': (Main.java:271): 'constructor' modifier mismatch in targeted and edited members
debug: type 'test.Main$E': virtual method 'print()V': (Main.java:315): add
debug: type 'test.Main$E': virtual method 'source_print()V': (Main.java:312): edit
debug: type 'test.Main$E': virtual method 'source_print()V': target 'print': (Main.java:312): 'public' modifier mismatch in targeted and edited members
debug: type 'test.Main$E': virtual method 'source_print()V': target 'print': (Main.java:312): 'protected' modifier mismatch in targeted and edited members
debug: type 'test.Main': (Main.java:0): ignore
debug: type 'test.info.package-info': (package-info.java:0): replace
debug: type 'test.info.package-info': (package-info.java:0): replace package non-recursive
debug: type 'test.rec.package-info': (package-info.java:0): remove
debug: type 'test.rec.package-info': (package-info.java:0): remove package recursive
debug: type 'test.rec.package-info': (package-info.java:0): remove type 'Ltest/rec/Rec;'
debug: type 'test.rec.package-info': (package-info.java:0): remove type 'Ltest/rec/inner/RecInner;'
debug: type 'test.target.package-info': (package-info.java:0): remove
debug: type 'test.target.package-info': target 'test.nonrec.package-info': (package-info.java:0): remove package non-recursive
debug: type 'test.target.package-info': target 'test.nonrec.package-info': (package-info.java:0): remove type 'Ltest/nonrec/NonRec;'
info: write 'build/patched.dex'
0 error(s), 2 warning(s)

$ dex2jar --force --output build/patched-dex2jar.jar build/patched.dex
dex2jar build/patched.dex -> build/patched-dex2jar.jar

--- run source/build/libs/source.jar ---
original A::<clinit>
original A::<init>

B::staticMethod: 42
original B::directMethod
original B::virtualMethod: data

entering original Derived::method
original Base::method
exiting original Derived::method

original C::<clinit>
original C::<init>
C::sourceStaticField: 100
C::sourceField: 100
C::redefinedSourceStaticField: 100
C::redefinedSourceField: 100

original D::<clinit>
original D::<init>
D::sourceStaticField: 100
D::sourceField: 100
D::redefinedSourceStaticField: 100
D::redefinedSourceField: 100

original E::<clinit>
original E::<init>: data
E::sourceStaticField: 100
E::sourceField: 100
E::redefinedSourceStaticField: 100
E::redefinedSourceField: 100

Concrete1::interfaceMethod
Concrete1::abstractMethod
original Concrete1::method

Concrete2::interfaceMethod
Concrete2::abstractMethod
original Concrete2::method

Concrete3::interfaceMethod
Concrete3::abstractMethod
original Concrete3::method
--- end source/build/libs/source.jar ---

--- run build/patched-dex2jar.jar ---
replaced A::<clinit>
replaced A::<init>

B::staticMethod: 42
replaced B::directMethod
B::staticField: 100   <-- initialized
B::instanceField: 0   <-- *not* initialized
B::addedMethod
B::privateKey: my-key
entering replaced B::virtualMethod: data
original B::virtualMethod: filtered data
exiting replaced B::virtualMethod

entering replaced Derived::method
entering original Derived::method
original Base::method
exiting original Derived::method
exiting replaced Derived::method

original C::<clinit>
original C::<init>
C::sourceStaticField: 100
C::sourceField: 100
C::redefinedSourceStaticField: 100
C::redefinedSourceField: 100
C::patchStaticField: 0
C::patchField: 0

replaced D::<clinit>
replaced D::<init>
D::sourceStaticField: 0
D::sourceField: 0
D::redefinedSourceStaticField: 200
D::redefinedSourceField: 200
D::patchStaticField: 200
D::patchField: 200

entering replaced E::<clinit>
original E::<clinit>
exiting replaced E::<clinit>
original E::<init>: filtered data
continuing on replaced E::<init>: data
E::sourceStaticField: 100
E::sourceField: 100
E::redefinedSourceStaticField: 100
E::redefinedSourceField: 100
E::patchStaticField: 200
E::patchField: 0

Concrete1::interfaceMethod
Concrete1::abstractMethod
replaced Concrete1::method

Concrete2::interfaceMethod
Concrete2::abstractMethod
replaced Concrete2::method

Concrete3::interfaceMethod
Concrete3::abstractMethod
replaced Concrete3::method
--- end build/patched-dex2jar.jar ---

